------------------------------------------------------------
TimeQuest Timing Analyzer Summary
------------------------------------------------------------

Type  : Slow 1200mV 100C Model Setup 'sys_clk'
Slack : 0.076
TNS   : 0.000

Type  : Slow 1200mV 100C Model Setup 'pcie_sys_clk'
Slack : 0.518
TNS   : 0.000

Type  : Slow 1200mV 100C Model Setup 'clk_33'
Slack : 6.256
TNS   : 0.000

Type  : Slow 1200mV 100C Model Setup 'clk_125'
Slack : 6.935
TNS   : 0.000

Type  : Slow 1200mV 100C Model Setup 'sr_clk_ext'
Slack : 7.502
TNS   : 0.000

Type  : Slow 1200mV 100C Model Setup 'clk_50'
Slack : 12.145
TNS   : 0.000

Type  : Slow 1200mV 100C Model Setup 'clk_16mhz'
Slack : 61.550
TNS   : 0.000

Type  : Slow 1200mV 100C Model Hold 'clk_33'
Slack : 0.333
TNS   : 0.000

Type  : Slow 1200mV 100C Model Hold 'sys_clk'
Slack : 0.341
TNS   : 0.000

Type  : Slow 1200mV 100C Model Hold 'pcie_sys_clk'
Slack : 0.366
TNS   : 0.000

Type  : Slow 1200mV 100C Model Hold 'clk_50'
Slack : 0.403
TNS   : 0.000

Type  : Slow 1200mV 100C Model Hold 'clk_125'
Slack : 0.408
TNS   : 0.000

Type  : Slow 1200mV 100C Model Hold 'clk_16mhz'
Slack : 0.423
TNS   : 0.000

Type  : Slow 1200mV 100C Model Hold 'sr_clk_ext'
Slack : 1.138
TNS   : 0.000

Type  : Slow 1200mV 100C Model Recovery 'pcie_sys_clk'
Slack : 5.615
TNS   : 0.000

Type  : Slow 1200mV 100C Model Recovery 'sys_clk'
Slack : 8.247
TNS   : 0.000

Type  : Slow 1200mV 100C Model Recovery 'clk_33'
Slack : 11.293
TNS   : 0.000

Type  : Slow 1200mV 100C Model Removal 'pcie_sys_clk'
Slack : 1.008
TNS   : 0.000

Type  : Slow 1200mV 100C Model Removal 'sys_clk'
Slack : 1.174
TNS   : 0.000

Type  : Slow 1200mV 100C Model Removal 'clk_33'
Slack : 2.998
TNS   : 0.000

Type  : Slow 1200mV 100C Model Minimum Pulse Width 'clk_50'
Slack : 0.000
TNS   : 0.000

Type  : Slow 1200mV 100C Model Minimum Pulse Width 'pcie_sys_clk'
Slack : 3.593
TNS   : 0.000

Type  : Slow 1200mV 100C Model Minimum Pulse Width 'clk_125'
Slack : 3.644
TNS   : 0.000

Type  : Slow 1200mV 100C Model Minimum Pulse Width 'clk_33'
Slack : 4.567
TNS   : 0.000

Type  : Slow 1200mV 100C Model Minimum Pulse Width 'refclk'
Slack : 6.000
TNS   : 0.000

Type  : Slow 1200mV 100C Model Minimum Pulse Width 'sys_clk'
Slack : 7.132
TNS   : 0.000

Type  : Slow 1200mV 100C Model Minimum Pulse Width 'sr_clk_ext'
Slack : 10.790
TNS   : 0.000

Type  : Slow 1200mV 100C Model Minimum Pulse Width 'clk_16mhz'
Slack : 31.019
TNS   : 0.000

Type  : Slow 1200mV 0C Model Setup 'pcie_sys_clk'
Slack : 0.702
TNS   : 0.000

Type  : Slow 1200mV 0C Model Setup 'sys_clk'
Slack : 0.859
TNS   : 0.000

Type  : Slow 1200mV 0C Model Setup 'clk_33'
Slack : 6.806
TNS   : 0.000

Type  : Slow 1200mV 0C Model Setup 'clk_125'
Slack : 7.037
TNS   : 0.000

Type  : Slow 1200mV 0C Model Setup 'sr_clk_ext'
Slack : 7.889
TNS   : 0.000

Type  : Slow 1200mV 0C Model Setup 'clk_50'
Slack : 12.862
TNS   : 0.000

Type  : Slow 1200mV 0C Model Setup 'clk_16mhz'
Slack : 61.649
TNS   : 0.000

Type  : Slow 1200mV 0C Model Hold 'pcie_sys_clk'
Slack : 0.321
TNS   : 0.000

Type  : Slow 1200mV 0C Model Hold 'sys_clk'
Slack : 0.334
TNS   : 0.000

Type  : Slow 1200mV 0C Model Hold 'clk_33'
Slack : 0.339
TNS   : 0.000

Type  : Slow 1200mV 0C Model Hold 'clk_50'
Slack : 0.349
TNS   : 0.000

Type  : Slow 1200mV 0C Model Hold 'clk_125'
Slack : 0.362
TNS   : 0.000

Type  : Slow 1200mV 0C Model Hold 'clk_16mhz'
Slack : 0.387
TNS   : 0.000

Type  : Slow 1200mV 0C Model Hold 'sr_clk_ext'
Slack : 0.962
TNS   : 0.000

Type  : Slow 1200mV 0C Model Recovery 'pcie_sys_clk'
Slack : 5.838
TNS   : 0.000

Type  : Slow 1200mV 0C Model Recovery 'sys_clk'
Slack : 8.904
TNS   : 0.000

Type  : Slow 1200mV 0C Model Recovery 'clk_33'
Slack : 11.686
TNS   : 0.000

Type  : Slow 1200mV 0C Model Removal 'pcie_sys_clk'
Slack : 0.911
TNS   : 0.000

Type  : Slow 1200mV 0C Model Removal 'sys_clk'
Slack : 1.059
TNS   : 0.000

Type  : Slow 1200mV 0C Model Removal 'clk_33'
Slack : 2.641
TNS   : 0.000

Type  : Slow 1200mV 0C Model Minimum Pulse Width 'clk_50'
Slack : 0.000
TNS   : 0.000

Type  : Slow 1200mV 0C Model Minimum Pulse Width 'pcie_sys_clk'
Slack : 3.536
TNS   : 0.000

Type  : Slow 1200mV 0C Model Minimum Pulse Width 'clk_125'
Slack : 3.649
TNS   : 0.000

Type  : Slow 1200mV 0C Model Minimum Pulse Width 'clk_33'
Slack : 4.753
TNS   : 0.000

Type  : Slow 1200mV 0C Model Minimum Pulse Width 'refclk'
Slack : 6.000
TNS   : 0.000

Type  : Slow 1200mV 0C Model Minimum Pulse Width 'sys_clk'
Slack : 7.127
TNS   : 0.000

Type  : Slow 1200mV 0C Model Minimum Pulse Width 'sr_clk_ext'
Slack : 10.790
TNS   : 0.000

Type  : Slow 1200mV 0C Model Minimum Pulse Width 'clk_16mhz'
Slack : 31.012
TNS   : 0.000

Type  : Fast 1200mV 0C Model Setup 'sys_clk'
Slack : 1.309
TNS   : 0.000

Type  : Fast 1200mV 0C Model Setup 'pcie_sys_clk'
Slack : 2.313
TNS   : 0.000

Type  : Fast 1200mV 0C Model Setup 'clk_125'
Slack : 7.495
TNS   : 0.000

Type  : Fast 1200mV 0C Model Setup 'sr_clk_ext'
Slack : 9.610
TNS   : 0.000

Type  : Fast 1200mV 0C Model Setup 'clk_33'
Slack : 10.908
TNS   : 0.000

Type  : Fast 1200mV 0C Model Setup 'clk_50'
Slack : 16.124
TNS   : 0.000

Type  : Fast 1200mV 0C Model Setup 'clk_16mhz'
Slack : 61.999
TNS   : 0.000

Type  : Fast 1200mV 0C Model Hold 'clk_33'
Slack : 0.141
TNS   : 0.000

Type  : Fast 1200mV 0C Model Hold 'sys_clk'
Slack : 0.142
TNS   : 0.000

Type  : Fast 1200mV 0C Model Hold 'pcie_sys_clk'
Slack : 0.161
TNS   : 0.000

Type  : Fast 1200mV 0C Model Hold 'clk_50'
Slack : 0.179
TNS   : 0.000

Type  : Fast 1200mV 0C Model Hold 'clk_16mhz'
Slack : 0.186
TNS   : 0.000

Type  : Fast 1200mV 0C Model Hold 'clk_125'
Slack : 0.188
TNS   : 0.000

Type  : Fast 1200mV 0C Model Hold 'sr_clk_ext'
Slack : 0.413
TNS   : 0.000

Type  : Fast 1200mV 0C Model Recovery 'pcie_sys_clk'
Slack : 6.734
TNS   : 0.000

Type  : Fast 1200mV 0C Model Recovery 'sys_clk'
Slack : 11.325
TNS   : 0.000

Type  : Fast 1200mV 0C Model Recovery 'clk_33'
Slack : 13.093
TNS   : 0.000

Type  : Fast 1200mV 0C Model Removal 'pcie_sys_clk'
Slack : 0.478
TNS   : 0.000

Type  : Fast 1200mV 0C Model Removal 'sys_clk'
Slack : 0.547
TNS   : 0.000

Type  : Fast 1200mV 0C Model Removal 'clk_33'
Slack : 1.588
TNS   : 0.000

Type  : Fast 1200mV 0C Model Minimum Pulse Width 'clk_50'
Slack : 0.000
TNS   : 0.000

Type  : Fast 1200mV 0C Model Minimum Pulse Width 'pcie_sys_clk'
Slack : 3.683
TNS   : 0.000

Type  : Fast 1200mV 0C Model Minimum Pulse Width 'clk_125'
Slack : 3.743
TNS   : 0.000

Type  : Fast 1200mV 0C Model Minimum Pulse Width 'clk_33'
Slack : 4.766
TNS   : 0.000

Type  : Fast 1200mV 0C Model Minimum Pulse Width 'refclk'
Slack : 6.000
TNS   : 0.000

Type  : Fast 1200mV 0C Model Minimum Pulse Width 'sys_clk'
Slack : 7.241
TNS   : 0.000

Type  : Fast 1200mV 0C Model Minimum Pulse Width 'sr_clk_ext'
Slack : 11.000
TNS   : 0.000

Type  : Fast 1200mV 0C Model Minimum Pulse Width 'clk_16mhz'
Slack : 30.562
TNS   : 0.000

------------------------------------------------------------
