------------------------------------------------------------
TimeQuest Timing Analyzer Summary
------------------------------------------------------------

Type  : Slow 1200mV 100C Model Setup 'sys_clk'
Slack : 0.056
TNS   : 0.000

Type  : Slow 1200mV 100C Model Setup 'pcie_sys_clk'
Slack : 0.873
TNS   : 0.000

Type  : Slow 1200mV 100C Model Setup 'clk_33'
Slack : 5.796
TNS   : 0.000

Type  : Slow 1200mV 100C Model Setup 'clk_125'
Slack : 6.934
TNS   : 0.000

Type  : Slow 1200mV 100C Model Setup 'sr_clk_ext'
Slack : 7.721
TNS   : 0.000

Type  : Slow 1200mV 100C Model Setup 'clk_50'
Slack : 12.966
TNS   : 0.000

Type  : Slow 1200mV 100C Model Setup 'clk_16mhz'
Slack : 61.550
TNS   : 0.000

Type  : Slow 1200mV 100C Model Hold 'clk_33'
Slack : 0.341
TNS   : 0.000

Type  : Slow 1200mV 100C Model Hold 'sys_clk'
Slack : 0.386
TNS   : 0.000

Type  : Slow 1200mV 100C Model Hold 'pcie_sys_clk'
Slack : 0.387
TNS   : 0.000

Type  : Slow 1200mV 100C Model Hold 'clk_50'
Slack : 0.403
TNS   : 0.000

Type  : Slow 1200mV 100C Model Hold 'clk_125'
Slack : 0.408
TNS   : 0.000

Type  : Slow 1200mV 100C Model Hold 'clk_16mhz'
Slack : 0.423
TNS   : 0.000

Type  : Slow 1200mV 100C Model Hold 'sr_clk_ext'
Slack : 1.088
TNS   : 0.000

Type  : Slow 1200mV 100C Model Recovery 'pcie_sys_clk'
Slack : 5.686
TNS   : 0.000

Type  : Slow 1200mV 100C Model Recovery 'sys_clk'
Slack : 9.959
TNS   : 0.000

Type  : Slow 1200mV 100C Model Recovery 'clk_33'
Slack : 11.056
TNS   : 0.000

Type  : Slow 1200mV 100C Model Removal 'pcie_sys_clk'
Slack : 1.011
TNS   : 0.000

Type  : Slow 1200mV 100C Model Removal 'sys_clk'
Slack : 1.012
TNS   : 0.000

Type  : Slow 1200mV 100C Model Removal 'clk_33'
Slack : 3.138
TNS   : 0.000

Type  : Slow 1200mV 100C Model Minimum Pulse Width 'clk_50'
Slack : 0.000
TNS   : 0.000

Type  : Slow 1200mV 100C Model Minimum Pulse Width 'pcie_sys_clk'
Slack : 3.593
TNS   : 0.000

Type  : Slow 1200mV 100C Model Minimum Pulse Width 'clk_125'
Slack : 3.643
TNS   : 0.000

Type  : Slow 1200mV 100C Model Minimum Pulse Width 'clk_33'
Slack : 4.545
TNS   : 0.000

Type  : Slow 1200mV 100C Model Minimum Pulse Width 'refclk'
Slack : 6.000
TNS   : 0.000

Type  : Slow 1200mV 100C Model Minimum Pulse Width 'sys_clk'
Slack : 7.132
TNS   : 0.000

Type  : Slow 1200mV 100C Model Minimum Pulse Width 'sr_clk_ext'
Slack : 10.790
TNS   : 0.000

Type  : Slow 1200mV 100C Model Minimum Pulse Width 'clk_16mhz'
Slack : 31.019
TNS   : 0.000

Type  : Slow 1200mV 0C Model Setup 'sys_clk'
Slack : 0.853
TNS   : 0.000

Type  : Slow 1200mV 0C Model Setup 'pcie_sys_clk'
Slack : 1.027
TNS   : 0.000

Type  : Slow 1200mV 0C Model Setup 'clk_33'
Slack : 6.358
TNS   : 0.000

Type  : Slow 1200mV 0C Model Setup 'clk_125'
Slack : 7.038
TNS   : 0.000

Type  : Slow 1200mV 0C Model Setup 'sr_clk_ext'
Slack : 8.057
TNS   : 0.000

Type  : Slow 1200mV 0C Model Setup 'clk_50'
Slack : 13.502
TNS   : 0.000

Type  : Slow 1200mV 0C Model Setup 'clk_16mhz'
Slack : 61.649
TNS   : 0.000

Type  : Slow 1200mV 0C Model Hold 'sys_clk'
Slack : 0.335
TNS   : 0.000

Type  : Slow 1200mV 0C Model Hold 'pcie_sys_clk'
Slack : 0.336
TNS   : 0.000

Type  : Slow 1200mV 0C Model Hold 'clk_33'
Slack : 0.343
TNS   : 0.000

Type  : Slow 1200mV 0C Model Hold 'clk_50'
Slack : 0.351
TNS   : 0.000

Type  : Slow 1200mV 0C Model Hold 'clk_125'
Slack : 0.362
TNS   : 0.000

Type  : Slow 1200mV 0C Model Hold 'clk_16mhz'
Slack : 0.387
TNS   : 0.000

Type  : Slow 1200mV 0C Model Hold 'sr_clk_ext'
Slack : 0.913
TNS   : 0.000

Type  : Slow 1200mV 0C Model Recovery 'pcie_sys_clk'
Slack : 5.897
TNS   : 0.000

Type  : Slow 1200mV 0C Model Recovery 'sys_clk'
Slack : 10.456
TNS   : 0.000

Type  : Slow 1200mV 0C Model Recovery 'clk_33'
Slack : 11.456
TNS   : 0.000

Type  : Slow 1200mV 0C Model Removal 'sys_clk'
Slack : 0.913
TNS   : 0.000

Type  : Slow 1200mV 0C Model Removal 'pcie_sys_clk'
Slack : 0.916
TNS   : 0.000

Type  : Slow 1200mV 0C Model Removal 'clk_33'
Slack : 2.765
TNS   : 0.000

Type  : Slow 1200mV 0C Model Minimum Pulse Width 'clk_50'
Slack : 0.000
TNS   : 0.000

Type  : Slow 1200mV 0C Model Minimum Pulse Width 'pcie_sys_clk'
Slack : 3.534
TNS   : 0.000

Type  : Slow 1200mV 0C Model Minimum Pulse Width 'clk_125'
Slack : 3.646
TNS   : 0.000

Type  : Slow 1200mV 0C Model Minimum Pulse Width 'clk_33'
Slack : 4.766
TNS   : 0.000

Type  : Slow 1200mV 0C Model Minimum Pulse Width 'refclk'
Slack : 6.000
TNS   : 0.000

Type  : Slow 1200mV 0C Model Minimum Pulse Width 'sys_clk'
Slack : 7.129
TNS   : 0.000

Type  : Slow 1200mV 0C Model Minimum Pulse Width 'sr_clk_ext'
Slack : 10.790
TNS   : 0.000

Type  : Slow 1200mV 0C Model Minimum Pulse Width 'clk_16mhz'
Slack : 31.012
TNS   : 0.000

Type  : Fast 1200mV 0C Model Setup 'sys_clk'
Slack : 1.309
TNS   : 0.000

Type  : Fast 1200mV 0C Model Setup 'pcie_sys_clk'
Slack : 2.534
TNS   : 0.000

Type  : Fast 1200mV 0C Model Setup 'clk_125'
Slack : 7.494
TNS   : 0.000

Type  : Fast 1200mV 0C Model Setup 'sr_clk_ext'
Slack : 9.747
TNS   : 0.000

Type  : Fast 1200mV 0C Model Setup 'clk_33'
Slack : 10.641
TNS   : 0.000

Type  : Fast 1200mV 0C Model Setup 'clk_50'
Slack : 16.547
TNS   : 0.000

Type  : Fast 1200mV 0C Model Setup 'clk_16mhz'
Slack : 61.999
TNS   : 0.000

Type  : Fast 1200mV 0C Model Hold 'clk_33'
Slack : 0.143
TNS   : 0.000

Type  : Fast 1200mV 0C Model Hold 'pcie_sys_clk'
Slack : 0.172
TNS   : 0.000

Type  : Fast 1200mV 0C Model Hold 'sys_clk'
Slack : 0.172
TNS   : 0.000

Type  : Fast 1200mV 0C Model Hold 'clk_50'
Slack : 0.180
TNS   : 0.000

Type  : Fast 1200mV 0C Model Hold 'clk_125'
Slack : 0.186
TNS   : 0.000

Type  : Fast 1200mV 0C Model Hold 'clk_16mhz'
Slack : 0.186
TNS   : 0.000

Type  : Fast 1200mV 0C Model Hold 'sr_clk_ext'
Slack : 0.381
TNS   : 0.000

Type  : Fast 1200mV 0C Model Recovery 'pcie_sys_clk'
Slack : 6.811
TNS   : 0.000

Type  : Fast 1200mV 0C Model Recovery 'sys_clk'
Slack : 12.353
TNS   : 0.000

Type  : Fast 1200mV 0C Model Recovery 'clk_33'
Slack : 12.985
TNS   : 0.000

Type  : Fast 1200mV 0C Model Removal 'pcie_sys_clk'
Slack : 0.479
TNS   : 0.000

Type  : Fast 1200mV 0C Model Removal 'sys_clk'
Slack : 0.479
TNS   : 0.000

Type  : Fast 1200mV 0C Model Removal 'clk_33'
Slack : 1.664
TNS   : 0.000

Type  : Fast 1200mV 0C Model Minimum Pulse Width 'clk_50'
Slack : 0.000
TNS   : 0.000

Type  : Fast 1200mV 0C Model Minimum Pulse Width 'pcie_sys_clk'
Slack : 3.676
TNS   : 0.000

Type  : Fast 1200mV 0C Model Minimum Pulse Width 'clk_125'
Slack : 3.744
TNS   : 0.000

Type  : Fast 1200mV 0C Model Minimum Pulse Width 'clk_33'
Slack : 4.733
TNS   : 0.000

Type  : Fast 1200mV 0C Model Minimum Pulse Width 'refclk'
Slack : 6.000
TNS   : 0.000

Type  : Fast 1200mV 0C Model Minimum Pulse Width 'sys_clk'
Slack : 7.241
TNS   : 0.000

Type  : Fast 1200mV 0C Model Minimum Pulse Width 'sr_clk_ext'
Slack : 11.000
TNS   : 0.000

Type  : Fast 1200mV 0C Model Minimum Pulse Width 'clk_16mhz'
Slack : 30.562
TNS   : 0.000

------------------------------------------------------------
